::1 - - [30/Aug/2026 16:56:01] "GET / HTTP/1.1" 200 -
::1 - - [30/Aug/2026 16:56:21] "GET / HTTP/1.1" 200 -
----------------------------------------
Exception occurred during processing of request from ('::ffff:127.0.0.1', 58464, 0, 0)
Traceback (most recent call last):
  File "C:\Users\krish\AppData\Local\Python\pythoncore-3.14-64\Lib\socketserver.py", line 697, in process_request_thread
    self.finish_request(request, client_address)
    ~~~~~~~~~~~~~~~~~~~^^^^^^^^^^^^^^^^^^^^^^^^^
  File "C:\Users\krish\AppData\Local\Python\pythoncore-3.14-64\Lib\http\server.py", line 1426, in finish_request
    self.RequestHandlerClass(request, client_address, self,
    ~~~~~~~~~~~~~~~~~~~~~~~~^^^^^^^^^^^^^^^^^^^^^^^^^^^^^^^
                             directory=args.directory)
                             ^^^^^^^^^^^^^^^^^^^^^^^^^
  File "C:\Users\krish\AppData\Local\Python\pythoncore-3.14-64\Lib\http\server.py", line 736, in __init__
    super().__init__(*args, **kwargs)
    ~~~~~~~~~~~~~~~~^^^^^^^^^^^^^^^^^
  File "C:\Users\krish\AppData\Local\Python\pythoncore-3.14-64\Lib\socketserver.py", line 766, in __init__
    self.handle()
    ~~~~~~~~~~~^^
  File "C:\Users\krish\AppData\Local\Python\pythoncore-3.14-64\Lib\http\server.py", line 500, in handle
    self.handle_one_request()
    ~~~~~~~~~~~~~~~~~~~~~~~^^
  File "C:\Users\krish\AppData\Local\Python\pythoncore-3.14-64\Lib\http\server.py", line 468, in handle_one_request
    self.raw_requestline = self.rfile.readline(65537)
                           ~~~~~~~~~~~~~~~~~~~^^^^^^^
  File "C:\Users\krish\AppData\Local\Python\pythoncore-3.14-64\Lib\socket.py", line 729, in readinto
    return self._sock.recv_into(b)
           ~~~~~~~~~~~~~~~~~~~~^^^
ConnectionResetError: [WinError 10054] An existing connection was forcibly closed by the remote host
----------------------------------------
----------------------------------------
Exception occurred during processing of request from ('::ffff:127.0.0.1', 58466, 0, 0)
::1 - - [30/Aug/2026 16:56:21] "GET / HTTP/1.1" 200 -
Traceback (most recent call last):
  File "C:\Users\krish\AppData\Local\Python\pythoncore-3.14-64\Lib\socketserver.py", line 697, in process_request_thread
    self.finish_request(request, client_address)
    ~~~~~~~~~~~~~~~~~~~^^^^^^^^^^^^^^^^^^^^^^^^^
  File "C:\Users\krish\AppData\Local\Python\pythoncore-3.14-64\Lib\http\server.py", line 1426, in finish_request
    self.RequestHandlerClass(request, client_address, self,
    ~~~~~~~~~~~~~~~~~~~~~~~~^^^^^^^^^^^^^^^^^^^^^^^^^^^^^^^
                             directory=args.directory)
                             ^^^^^^^^^^^^^^^^^^^^^^^^^
  File "C:\Users\krish\AppData\Local\Python\pythoncore-3.14-64\Lib\http\server.py", line 736, in __init__
    super().__init__(*args, **kwargs)
    ~~~~~~~~~~~~~~~~^^^^^^^^^^^^^^^^^
  File "C:\Users\krish\AppData\Local\Python\pythoncore-3.14-64\Lib\socketserver.py", line 766, in __init__
    self.handle()
    ~~~~~~~~~~~^^
  File "C:\Users\krish\AppData\Local\Python\pythoncore-3.14-64\Lib\http\server.py", line 500, in handle
    self.handle_one_request()
    ~~~~~~~~~~~~~~~~~~~~~~~^^
  File "C:\Users\krish\AppData\Local\Python\pythoncore-3.14-64\Lib\http\server.py", line 468, in handle_one_request
    self.raw_requestline = self.rfile.readline(65537)
                           ~~~~~~~~~~~~~~~~~~~^^^^^^^
  File "C:\Users\krish\AppData\Local\Python\pythoncore-3.14-64\Lib\socket.py", line 729, in readinto
    return self._sock.recv_into(b)
           ~~~~~~~~~~~~~~~~~~~~^^^
ConnectionResetError: [WinError 10054] An existing connection was forcibly closed by the remote host
----------------------------------------
::1 - - [30/Aug/2026 16:56:21] "GET / HTTP/1.1" 200 -
::1 - - [30/Aug/2026 16:56:22] code 404, message File not found
::1 - - [30/Aug/2026 16:56:22] "GET /static/logo.png HTTP/1.1" 200 -
::1 - - [30/Aug/2026 16:56:22] "GET /static/app.js HTTP/1.1" 404 -
::1 - - [30/Aug/2026 17:00:50] "GET / HTTP/1.1" 200 -
::1 - - [30/Aug/2026 17:01:36] "GET / HTTP/1.1" 200 -
::1 - - [30/Aug/2026 17:01:59] "GET / HTTP/1.1" 200 -
